// Jest Snapshot v1, https://goo.gl/fbAQLP

exports[`Test component Render the component 1`] = `undefined`;
