// Jest Snapshot v1, https://goo.gl/fbAQLP

exports[`PasswordInput component Render the component 1`] = `
<ContextConsumer>
  <Component />
</ContextConsumer>
`;
