// Jest Snapshot v1, https://goo.gl/fbAQLP

exports[`Test for Button component Render the Button component 1`] = `
<button
  className="button icon undefined"
  disabled={true}
  onClick={[MockFunction]}
  type="button"
/>
`;
