// Jest Snapshot v1, https://goo.gl/fbAQLP

exports[`Test for Checkbox component Render the Checkbox component 1`] = `
<div
  className="checkbox undefined"
  onClick={[Function]}
>
  Foo
</div>
`;
