// Jest Snapshot v1, https://goo.gl/fbAQLP

exports[`Test for Clipboard component Render the Clipboard component 1`] = `
<span
  className="clipboard"
  onClick={[Function]}
>
  Lorem ipsum
</span>
`;
