// Jest Snapshot v1, https://goo.gl/fbAQLP

exports[`Test for Loading component Render the Loading component 1`] = `
<div
  className="loading inline transparent"
>
  <Logo
    animate={true}
    loop={true}
    onEnd={[MockFunction]}
    size={300}
  />
</div>
`;
