// Jest Snapshot v1, https://goo.gl/fbAQLP

exports[`Test for Toggle component Render the Toggle component 1`] = `
<div
  className="toggle"
  onClick={[Function]}
>
  <div
    className="active"
  >
    <span>
      Off
    </span>
    <span>
      On
    </span>
  </div>
</div>
`;
